<html>
<body>
<pre>
<h1>µVision Build Log</h1>
<h2>Project:</h2>
C:\Keil\Labware\Lab12_TuningFork\Lab12.uvproj
Project File Date:  05/09/2020

<h2>Output:</h2>
Rebuild target 'Lab12'
assembling startup.s...
compiling TuningFork.c...
TuningFork.c(210): warning:  #177-D: variable "input" was declared but never referenced
    while(1){   unsigned int input = 0;
TuningFork.c(307): warning:  #1-D: last line of file ends without a newline
  }
TuningFork.c: 2 warnings, 0 errors
linking...
Program Size: Code=5680 RO-data=7360 RW-data=84 ZI-data=1756  
".\Lab12.axf" - 0 Error(s), 2 Warning(s).
</pre>
</body>
</html>
